Traceback (most recent call last):
  File "/d/yj_projects/miniforge3/lib/python3.13/site-packages/ee/data.py", line 361, in _execute_cloud_call
    return call.execute(num_retries=num_retries)
           ~~~~~~~~~~~~^^^^^^^^^^^^^^^^^^^^^^^^^
  File "/d/yj_projects/miniforge3/lib/python3.13/site-packages/googleapiclient/_helpers.py", line 130, in positional_wrapper
    return wrapped(*args, **kwargs)
  File "/d/yj_projects/miniforge3/lib/python3.13/site-packages/googleapiclient/http.py", line 1018, in execute
    raise HttpError(resp, content, uri=self.uri)
googleapiclient.errors.HttpError: <HttpError 400 when requesting https://earthengine.googleapis.com/v1/projects/alpha-earth-app/value:compute?prettyPrint=false&alt=json returned "Collection query aborted after accumulating over 5000 elements.". Details: "Collection query aborted after accumulating over 5000 elements.">

During handling of the above exception, another exception occurred:

Traceback (most recent call last):
  File "/d/yj_projects/workspace_yj/Alphaearth/aef_explore/scratch/te06_pilot.py", line 43, in <module>
    res['landcover'] = run(2021, wc, 'lc', 'clf', pts_lc)
                       ~~~^^^^^^^^^^^^^^^^^^^^^^^^^^^^^^^
  File "/d/yj_projects/workspace_yj/Alphaearth/aef_explore/scratch/te06_pilot.py", line 22, in run
    for r in f.getInfo()['features']])
             ~~~~~~~~~^^
  File "/d/yj_projects/miniforge3/lib/python3.13/site-packages/ee/collection.py", line 589, in getInfo
    return super().getInfo()
           ~~~~~~~~~~~~~~~^^
  File "/d/yj_projects/miniforge3/lib/python3.13/site-packages/ee/computedobject.py", line 108, in getInfo
    return data.computeValue(self)
           ~~~~~~~~~~~~~~~~~^^^^^^
  File "/d/yj_projects/miniforge3/lib/python3.13/site-packages/ee/data.py", line 1082, in computeValue
    return _execute_cloud_call(
           ~~~~~~~~~~~~~~~~~~~^
        _get_cloud_projects()
        ^^^^^^^^^^^^^^^^^^^^^
        .value()
        ^^^^^^^^
        .compute(body=body, project=_get_projects_path(), prettyPrint=False)
        ^^^^^^^^^^^^^^^^^^^^^^^^^^^^^^^^^^^^^^^^^^^^^^^^^^^^^^^^^^^^^^^^^^^^
    )['result']
    ^
  File "/d/yj_projects/miniforge3/lib/python3.13/site-packages/ee/data.py", line 363, in _execute_cloud_call
    raise _translate_cloud_exception(e)  # pylint: disable=raise-missing-from
    ^^^^^^^^^^^^^^^^^^^^^^^^^^^^^^^^^^^
ee.ee_exception.EEException: Collection query aborted after accumulating over 5000 elements.
